// Jest Snapshot v1, https://goo.gl/fbAQLP

exports[`PlatformIcon should show Battle.net icon when platform is Battle.net 1`] = `"<button class=\\"MuiButtonBase-root MuiIconButton-root\\" tabindex=\\"0\\" type=\\"button\\" title=\\"Battle.net\\"><span class=\\"MuiIconButton-label\\"><svg class=\\"MuiSvgIcon-root\\" focusable=\\"false\\" viewBox=\\"0 0 24 24\\" aria-hidden=\\"true\\">battlenet.svg</svg></span><span class=\\"MuiTouchRipple-root\\"></span></button>"`;

exports[`PlatformIcon should show Bethesda.net icon when platform is Bethesda.net 1`] = `"<button class=\\"MuiButtonBase-root MuiIconButton-root\\" tabindex=\\"0\\" type=\\"button\\" title=\\"Bethesda.net\\"><span class=\\"MuiIconButton-label\\"><svg class=\\"MuiSvgIcon-root\\" focusable=\\"false\\" viewBox=\\"0 0 24 24\\" aria-hidden=\\"true\\">bethesda.svg</svg></span><span class=\\"MuiTouchRipple-root\\"></span></button>"`;

exports[`PlatformIcon should show Epic icon when platform is Epic Games Store 1`] = `"<button class=\\"MuiButtonBase-root MuiIconButton-root\\" tabindex=\\"0\\" type=\\"button\\" title=\\"Epic Games Store\\"><span class=\\"MuiIconButton-label\\"><svg class=\\"MuiSvgIcon-root\\" focusable=\\"false\\" viewBox=\\"0 0 32 32\\" aria-hidden=\\"true\\">epic.svg</svg></span><span class=\\"MuiTouchRipple-root\\"></span></button>"`;

exports[`PlatformIcon should show Humble Bundle icon when platform is Humble Bundle 1`] = `"<button class=\\"MuiButtonBase-root MuiIconButton-root\\" tabindex=\\"0\\" type=\\"button\\" title=\\"Humble Bundle\\"><span class=\\"MuiIconButton-label\\"><svg class=\\"MuiSvgIcon-root\\" focusable=\\"false\\" viewBox=\\"0 0 24 24\\" aria-hidden=\\"true\\">humble_bundle.svg</svg></span><span class=\\"MuiTouchRipple-root\\"></span></button>"`;

exports[`PlatformIcon should show Origin icon when platform is Origin 1`] = `"<button class=\\"MuiButtonBase-root MuiIconButton-root\\" tabindex=\\"0\\" type=\\"button\\" title=\\"Origin\\"><span class=\\"MuiIconButton-label\\"><svg class=\\"MuiSvgIcon-root\\" focusable=\\"false\\" viewBox=\\"0 0 32 32\\" aria-hidden=\\"true\\">origin.svg</svg></span><span class=\\"MuiTouchRipple-root\\"></span></button>"`;

exports[`PlatformIcon should show PlayStation icon when platform is PlayStation Network 1`] = `"<button class=\\"MuiButtonBase-root MuiIconButton-root\\" tabindex=\\"0\\" type=\\"button\\" title=\\"PlayStation Network\\"><span class=\\"MuiIconButton-label\\"><svg class=\\"MuiSvgIcon-root\\" focusable=\\"false\\" viewBox=\\"0 0 24 24\\" aria-hidden=\\"true\\">playstation.svg</svg></span><span class=\\"MuiTouchRipple-root\\"></span></button>"`;

exports[`PlatformIcon should show Steam icon when platform is Steam 1`] = `"<button class=\\"MuiButtonBase-root MuiIconButton-root\\" tabindex=\\"0\\" type=\\"button\\" title=\\"Steam\\"><span class=\\"MuiIconButton-label\\"><svg class=\\"MuiSvgIcon-root\\" focusable=\\"false\\" viewBox=\\"0 0 24 24\\" aria-hidden=\\"true\\">steam.svg</svg></span><span class=\\"MuiTouchRipple-root\\"></span></button>"`;

exports[`PlatformIcon should show Uplay icon when platform is Uplay 1`] = `"<button class=\\"MuiButtonBase-root MuiIconButton-root\\" tabindex=\\"0\\" type=\\"button\\" title=\\"Uplay\\"><span class=\\"MuiIconButton-label\\"><svg class=\\"MuiSvgIcon-root\\" focusable=\\"false\\" viewBox=\\"0 0 24 24\\" aria-hidden=\\"true\\">uplay.svg</svg></span><span class=\\"MuiTouchRipple-root\\"></span></button>"`;

exports[`PlatformIcon should show Xbox icon when platform is Xbox Live 1`] = `"<button class=\\"MuiButtonBase-root MuiIconButton-root\\" tabindex=\\"0\\" type=\\"button\\" title=\\"Xbox Live\\"><span class=\\"MuiIconButton-label\\"><svg class=\\"MuiSvgIcon-root\\" focusable=\\"false\\" viewBox=\\"0 0 24 24\\" aria-hidden=\\"true\\">xbox.svg</svg></span><span class=\\"MuiTouchRipple-root\\"></span></button>"`;

exports[`PlatformIcon should show default gog galaxy icon when platform is unknown 1`] = `"<button class=\\"MuiButtonBase-root MuiIconButton-root\\" tabindex=\\"0\\" type=\\"button\\" title=\\"somerandomtestplatform\\"><span class=\\"MuiIconButton-label\\"><svg class=\\"MuiSvgIcon-root\\" focusable=\\"false\\" viewBox=\\"0 0 24 24\\" aria-hidden=\\"true\\">default.svg</svg></span><span class=\\"MuiTouchRipple-root\\"></span></button>"`;

exports[`PlatformIcon should show gog icon when platform is GOG 1`] = `"<button class=\\"MuiButtonBase-root MuiIconButton-root\\" tabindex=\\"0\\" type=\\"button\\" title=\\"GOG\\"><span class=\\"MuiIconButton-label\\"><svg class=\\"MuiSvgIcon-root\\" focusable=\\"false\\" viewBox=\\"0 0 24 24\\" aria-hidden=\\"true\\">gog.svg</svg></span><span class=\\"MuiTouchRipple-root\\"></span></button>"`;

exports[`PlatformIcon should show paradox icon when platform is paradox 1`] = `"<button class=\\"MuiButtonBase-root MuiIconButton-root\\" tabindex=\\"0\\" type=\\"button\\" title=\\"Paradox Plaza\\"><span class=\\"MuiIconButton-label\\"><svg class=\\"MuiSvgIcon-root\\" focusable=\\"false\\" viewBox=\\"0 0 24 24\\" aria-hidden=\\"true\\">paradox.svg</svg></span><span class=\\"MuiTouchRipple-root\\"></span></button>"`;
